// Vitest Snapshot v1, https://vitest.dev/guide/snapshot.html

exports[`HomePage > matches snapshot 1`] = `
<div>
  <div
    class="mx-auto max-w-6xl px-4 py-8 sm:px-6 lg:px-8 pb-24 space-y-10"
  >
    <div
      class="flex flex-col md:flex-row md:items-end md:justify-between gap-6"
    >
      <div
        class="space-y-1"
      >
        <h1
          class="text-3xl font-bold tracking-tight md:text-4xl lg:text-5xl"
        >
          <span
            class="text-[color:var(--color-text-primary)]"
            data-theme-gradient="true"
            style="background-clip: text;"
          >
            Dorkroom.art
          </span>
        </h1>
      </div>
    </div>
    <div
      class="grid grid-cols-1 md:grid-cols-12 gap-4 lg:gap-6"
    >
      <div
        class="md:col-span-8 relative overflow-hidden rounded-3xl border p-6 sm:p-8 transition-all group hero-card"
      >
        <div
          class="absolute top-0 right-0 blur-3xl rounded-full"
        />
        <div
          class="relative z-10 flex flex-col justify-between h-full gap-6"
        >
          <div>
            <h2
              class="text-2xl font-bold mb-2"
            >
              Skip the math. Make prints!
            </h2>
            <p
              class="max-w-md"
            >
              Dorkroom.art is a collection of tools for the darkroom and photography. Calculate borders, exposures, and manage your development recipes in our easy to use interface.
            </p>
          </div>
          <div
            class="flex flex-wrap gap-2"
          >
            <a
              class="inline-flex items-center gap-2 px-4 py-2 rounded-xl font-medium text-sm transition-colors hero-button-success"
              href="/border"
            >
              <svg
                aria-hidden="true"
                class="lucide lucide-crop w-4 h-4"
                fill="none"
                height="24"
                stroke="currentColor"
                stroke-linecap="round"
                stroke-linejoin="round"
                stroke-width="2"
                viewBox="0 0 24 24"
                width="24"
                xmlns="http://www.w3.org/2000/svg"
              >
                <path
                  d="M6 2v14a2 2 0 0 0 2 2h14"
                />
                <path
                  d="M18 22V8a2 2 0 0 0-2-2H2"
                />
              </svg>
              Try our darkroom easel border calculator
            </a>
            <a
              class="inline-flex items-center gap-2 px-4 py-2 rounded-xl font-medium text-sm transition-colors hero-button-error"
              href="/development"
            >
              <svg
                aria-hidden="true"
                class="lucide lucide-flask-conical w-4 h-4"
                fill="none"
                height="24"
                stroke="currentColor"
                stroke-linecap="round"
                stroke-linejoin="round"
                stroke-width="2"
                viewBox="0 0 24 24"
                width="24"
                xmlns="http://www.w3.org/2000/svg"
              >
                <path
                  d="M14 2v6a2 2 0 0 0 .245.96l5.51 10.08A2 2 0 0 1 18 22H6a2 2 0 0 1-1.755-2.96l5.51-10.08A2 2 0 0 0 10 8V2"
                />
                <path
                  d="M6.453 15h11.094"
                />
                <path
                  d="M8.5 2h7"
                />
              </svg>
              Find the perfect film development recipe
            </a>
          </div>
        </div>
      </div>
      <div
        class="md:col-span-4 grid grid-cols-2 gap-3"
      >
        <a
          aria-label="Film Development Recipes"
          class="group flex items-center gap-4 px-5 py-4 relative overflow-hidden rounded-2xl border transition-all focus:outline-none focus:ring-2 border-[color:var(--color-border-primary)] hover:bg-[color:var(--color-surface-muted)] focus:ring-[color:var(--color-border-primary)] [&:not([data-theme="high-contrast"])]:hover:-translate-y-0.5 [&:not([data-theme="high-contrast"])]:hover:shadow-lg group-hover:border-emerald-500/50 col-span-2"
          href="/development"
          title="Film Development Recipes: 2"
        >
          <div
            class="absolute inset-0 bg-gradient-to-br opacity-0 transition-opacity group-hover:opacity-100 from-emerald-500/20 to-teal-500/20"
          />
          <div
            class="relative z-10 flex items-center gap-4 w-full"
          >
            <div
              class="p-2 rounded-xl transition-colors"
            >
              <svg
                aria-hidden="true"
                class="lucide lucide-flask-conical w-4 h-4"
                data-statcard-icon="true"
                fill="none"
                height="24"
                stroke="currentColor"
                stroke-linecap="round"
                stroke-linejoin="round"
                stroke-width="2"
                viewBox="0 0 24 24"
                width="24"
                xmlns="http://www.w3.org/2000/svg"
              >
                <path
                  d="M14 2v6a2 2 0 0 0 .245.96l5.51 10.08A2 2 0 0 1 18 22H6a2 2 0 0 1-1.755-2.96l5.51-10.08A2 2 0 0 0 10 8V2"
                />
                <path
                  d="M6.453 15h11.094"
                />
                <path
                  d="M8.5 2h7"
                />
              </svg>
            </div>
            <div>
              <span
                class="text-[color:var(--color-text-tertiary)] text-sm font-medium"
              >
                Film Development Recipes
              </span>
              <span
                class="text-2xl font-bold text-[color:var(--color-text-primary)] block leading-none mb-1"
              >
                2
              </span>
            </div>
          </div>
        </a>
        <a
          aria-label="Favorite Recipes"
          class="group flex flex-col gap-2 p-4 relative overflow-hidden rounded-2xl border transition-all focus:outline-none focus:ring-2 border-[color:var(--color-border-primary)] hover:bg-[color:var(--color-surface-muted)] focus:ring-[color:var(--color-border-primary)] [&:not([data-theme="high-contrast"])]:hover:-translate-y-0.5 [&:not([data-theme="high-contrast"])]:hover:shadow-lg group-hover:border-rose-500/50"
          href="/development?view=favorites"
          title="Favorite Recipes: 1"
        >
          <div
            class="absolute inset-0 bg-gradient-to-br opacity-0 transition-opacity group-hover:opacity-100 from-rose-500/20 to-red-500/20"
          />
          <div
            class="relative z-10 flex flex-col gap-2 w-full"
          >
            <span
              class="text-[color:var(--color-text-tertiary)] text-xs font-medium"
            >
              Favorite Recipes
            </span>
            <div
              class="flex items-center gap-3"
            >
              <div
                class="p-2 rounded-lg shrink-0 transition-colors"
              >
                <svg
                  aria-hidden="true"
                  class="lucide lucide-heart w-5 h-5"
                  data-statcard-icon="true"
                  fill="none"
                  height="24"
                  stroke="currentColor"
                  stroke-linecap="round"
                  stroke-linejoin="round"
                  stroke-width="2"
                  viewBox="0 0 24 24"
                  width="24"
                  xmlns="http://www.w3.org/2000/svg"
                >
                  <path
                    d="M2 9.5a5.5 5.5 0 0 1 9.591-3.676.56.56 0 0 0 .818 0A5.49 5.49 0 0 1 22 9.5c0 2.29-1.5 4-3 5.5l-5.492 5.313a2 2 0 0 1-3 .019L5 15c-1.5-1.5-3-3.2-3-5.5"
                  />
                </svg>
              </div>
              <span
                class="text-2xl font-bold text-[color:var(--color-text-primary)] leading-none"
              >
                1
              </span>
            </div>
          </div>
        </a>
        <a
          aria-label="Your Custom Recipes"
          class="group flex flex-col gap-2 p-4 relative overflow-hidden rounded-2xl border transition-all focus:outline-none focus:ring-2 border-[color:var(--color-border-primary)] hover:bg-[color:var(--color-surface-muted)] focus:ring-[color:var(--color-border-primary)] [&:not([data-theme="high-contrast"])]:hover:-translate-y-0.5 [&:not([data-theme="high-contrast"])]:hover:shadow-lg group-hover:border-indigo-500/50"
          href="/development?view=custom"
          title="Your Custom Recipes: 1"
        >
          <div
            class="absolute inset-0 bg-gradient-to-br opacity-0 transition-opacity group-hover:opacity-100 from-indigo-500/20 to-purple-500/20"
          />
          <div
            class="relative z-10 flex flex-col gap-2 w-full"
          >
            <span
              class="text-[color:var(--color-text-tertiary)] text-xs font-medium"
            >
              Your Custom Recipes
            </span>
            <div
              class="flex items-center gap-3"
            >
              <div
                class="p-2 rounded-lg shrink-0 transition-colors"
              >
                <svg
                  aria-hidden="true"
                  class="lucide lucide-library w-5 h-5"
                  data-statcard-icon="true"
                  fill="none"
                  height="24"
                  stroke="currentColor"
                  stroke-linecap="round"
                  stroke-linejoin="round"
                  stroke-width="2"
                  viewBox="0 0 24 24"
                  width="24"
                  xmlns="http://www.w3.org/2000/svg"
                >
                  <path
                    d="m16 6 4 14"
                  />
                  <path
                    d="M12 6v14"
                  />
                  <path
                    d="M8 8v12"
                  />
                  <path
                    d="M4 4v16"
                  />
                </svg>
              </div>
              <span
                class="text-2xl font-bold text-[color:var(--color-text-primary)] leading-none"
              >
                1
              </span>
            </div>
          </div>
        </a>
      </div>
    </div>
    <div>
      <div
        class="flex items-center justify-between mb-6"
      >
        <h2
          class="text-xl font-bold text-[color:var(--color-text-primary)] flex items-center gap-2"
        >
          <svg
            aria-hidden="true"
            class="lucide lucide-calculator w-5 h-5 text-[color:var(--color-text-tertiary)]"
            fill="none"
            height="24"
            stroke="currentColor"
            stroke-linecap="round"
            stroke-linejoin="round"
            stroke-width="2"
            viewBox="0 0 24 24"
            width="24"
            xmlns="http://www.w3.org/2000/svg"
          >
            <rect
              height="20"
              rx="2"
              width="16"
              x="4"
              y="2"
            />
            <line
              x1="8"
              x2="16"
              y1="6"
              y2="6"
            />
            <line
              x1="16"
              x2="16"
              y1="14"
              y2="18"
            />
            <path
              d="M16 10h.01"
            />
            <path
              d="M12 10h.01"
            />
            <path
              d="M8 10h.01"
            />
            <path
              d="M12 14h.01"
            />
            <path
              d="M8 14h.01"
            />
            <path
              d="M12 18h.01"
            />
            <path
              d="M8 18h.01"
            />
          </svg>
          Calculators
        </h2>
        <div
          class="h-px flex-1 ml-4"
        />
      </div>
      <div
        class="grid grid-cols-1 sm:grid-cols-2 lg:grid-cols-3 gap-4"
      >
        <a
          aria-label="Border Calculator"
          class="group relative overflow-hidden rounded-2xl border p-5 transition-all focus:outline-none focus:ring-2 border-[color:var(--color-border-primary)] hover:bg-[color:var(--color-surface-muted)] focus:ring-[color:var(--color-border-primary)] [&:not([data-theme="high-contrast"])]:hover:-translate-y-0.5 [&:not([data-theme="high-contrast"])]:hover:shadow-lg group-hover:border-indigo-500/50"
          href="/border"
          iconcolorkey="indigo"
        >
          <div
            class="absolute inset-0 bg-gradient-to-br opacity-0 transition-opacity group-hover:opacity-100 from-indigo-500/20 to-purple-500/20"
          />
          <div
            class="relative z-10 flex items-start gap-4"
          >
            <div
              class="p-3 rounded-xl transition-colors bg-[var(--color-tool-card-icon-bg)] ring-1 ring-[color:var(--color-tool-card-icon-ring)] group-hover:bg-[var(--color-tool-card-icon-hover)] text-indigo-400"
            >
              <svg
                aria-hidden="true"
                class="lucide lucide-crop h-6 w-6"
                fill="none"
                height="24"
                stroke="currentColor"
                stroke-linecap="round"
                stroke-linejoin="round"
                stroke-width="2"
                viewBox="0 0 24 24"
                width="24"
                xmlns="http://www.w3.org/2000/svg"
              >
                <path
                  d="M6 2v14a2 2 0 0 0 2 2h14"
                />
                <path
                  d="M18 22V8a2 2 0 0 0-2-2H2"
                />
              </svg>
            </div>
            <div
              class="flex-1 min-w-0"
            >
              <div
                class="flex items-center justify-between mb-1"
              >
                <p
                  class="text-[10px] font-bold uppercase tracking-wider text-[color:var(--color-tool-card-category)] group-hover:text-[color:var(--color-tool-card-category-hover)]"
                >
                  Printing
                </p>
                <svg
                  aria-hidden="true"
                  class="lucide lucide-arrow-right h-3.5 w-3.5 text-[color:var(--color-tool-card-arrow)] opacity-0 -translate-x-2 transition-all group-hover:opacity-100 group-hover:translate-x-0"
                  fill="none"
                  height="24"
                  stroke="currentColor"
                  stroke-linecap="round"
                  stroke-linejoin="round"
                  stroke-width="2"
                  viewBox="0 0 24 24"
                  width="24"
                  xmlns="http://www.w3.org/2000/svg"
                >
                  <path
                    d="M5 12h14"
                  />
                  <path
                    d="m12 5 7 7-7 7"
                  />
                </svg>
              </div>
              <h3
                class="font-semibold text-[color:var(--color-tool-card-title)] truncate pr-4"
              >
                Border Calculator
              </h3>
              <p
                class="text-sm text-[color:var(--color-tool-card-description)] line-clamp-1 group-hover:text-[color:var(--color-tool-card-description-hover)]"
              >
                Print borders & trim guides
              </p>
            </div>
          </div>
        </a>
        <a
          aria-label="Stops Calculator"
          class="group relative overflow-hidden rounded-2xl border p-5 transition-all focus:outline-none focus:ring-2 border-[color:var(--color-border-primary)] hover:bg-[color:var(--color-surface-muted)] focus:ring-[color:var(--color-border-primary)] [&:not([data-theme="high-contrast"])]:hover:-translate-y-0.5 [&:not([data-theme="high-contrast"])]:hover:shadow-lg group-hover:border-blue-500/50"
          href="/stops"
          iconcolorkey="blue"
        >
          <div
            class="absolute inset-0 bg-gradient-to-br opacity-0 transition-opacity group-hover:opacity-100 from-blue-500/20 to-cyan-500/20"
          />
          <div
            class="relative z-10 flex items-start gap-4"
          >
            <div
              class="p-3 rounded-xl transition-colors bg-[var(--color-tool-card-icon-bg)] ring-1 ring-[color:var(--color-tool-card-icon-ring)] group-hover:bg-[var(--color-tool-card-icon-hover)] text-blue-400"
            >
              <svg
                aria-hidden="true"
                class="lucide lucide-gauge h-6 w-6"
                fill="none"
                height="24"
                stroke="currentColor"
                stroke-linecap="round"
                stroke-linejoin="round"
                stroke-width="2"
                viewBox="0 0 24 24"
                width="24"
                xmlns="http://www.w3.org/2000/svg"
              >
                <path
                  d="m12 14 4-4"
                />
                <path
                  d="M3.34 19a10 10 0 1 1 17.32 0"
                />
              </svg>
            </div>
            <div
              class="flex-1 min-w-0"
            >
              <div
                class="flex items-center justify-between mb-1"
              >
                <p
                  class="text-[10px] font-bold uppercase tracking-wider text-[color:var(--color-tool-card-category)] group-hover:text-[color:var(--color-tool-card-category-hover)]"
                >
                  Printing
                </p>
                <svg
                  aria-hidden="true"
                  class="lucide lucide-arrow-right h-3.5 w-3.5 text-[color:var(--color-tool-card-arrow)] opacity-0 -translate-x-2 transition-all group-hover:opacity-100 group-hover:translate-x-0"
                  fill="none"
                  height="24"
                  stroke="currentColor"
                  stroke-linecap="round"
                  stroke-linejoin="round"
                  stroke-width="2"
                  viewBox="0 0 24 24"
                  width="24"
                  xmlns="http://www.w3.org/2000/svg"
                >
                  <path
                    d="M5 12h14"
                  />
                  <path
                    d="m12 5 7 7-7 7"
                  />
                </svg>
              </div>
              <h3
                class="font-semibold text-[color:var(--color-tool-card-title)] truncate pr-4"
              >
                Stops Calculator
              </h3>
              <p
                class="text-sm text-[color:var(--color-tool-card-description)] line-clamp-1 group-hover:text-[color:var(--color-tool-card-description-hover)]"
              >
                F-stop & time math
              </p>
            </div>
          </div>
        </a>
        <a
          aria-label="Resize Calculator"
          class="group relative overflow-hidden rounded-2xl border p-5 transition-all focus:outline-none focus:ring-2 border-[color:var(--color-border-primary)] hover:bg-[color:var(--color-surface-muted)] focus:ring-[color:var(--color-border-primary)] [&:not([data-theme="high-contrast"])]:hover:-translate-y-0.5 [&:not([data-theme="high-contrast"])]:hover:shadow-lg group-hover:border-violet-500/50"
          href="/resize"
          iconcolorkey="violet"
        >
          <div
            class="absolute inset-0 bg-gradient-to-br opacity-0 transition-opacity group-hover:opacity-100 from-violet-500/20 to-fuchsia-500/20"
          />
          <div
            class="relative z-10 flex items-start gap-4"
          >
            <div
              class="p-3 rounded-xl transition-colors bg-[var(--color-tool-card-icon-bg)] ring-1 ring-[color:var(--color-tool-card-icon-ring)] group-hover:bg-[var(--color-tool-card-icon-hover)] text-violet-400"
            >
              <svg
                aria-hidden="true"
                class="lucide lucide-ruler h-6 w-6"
                fill="none"
                height="24"
                stroke="currentColor"
                stroke-linecap="round"
                stroke-linejoin="round"
                stroke-width="2"
                viewBox="0 0 24 24"
                width="24"
                xmlns="http://www.w3.org/2000/svg"
              >
                <path
                  d="M21.3 15.3a2.4 2.4 0 0 1 0 3.4l-2.6 2.6a2.4 2.4 0 0 1-3.4 0L2.7 8.7a2.41 2.41 0 0 1 0-3.4l2.6-2.6a2.41 2.41 0 0 1 3.4 0Z"
                />
                <path
                  d="m14.5 12.5 2-2"
                />
                <path
                  d="m11.5 9.5 2-2"
                />
                <path
                  d="m8.5 6.5 2-2"
                />
                <path
                  d="m17.5 15.5 2-2"
                />
              </svg>
            </div>
            <div
              class="flex-1 min-w-0"
            >
              <div
                class="flex items-center justify-between mb-1"
              >
                <p
                  class="text-[10px] font-bold uppercase tracking-wider text-[color:var(--color-tool-card-category)] group-hover:text-[color:var(--color-tool-card-category-hover)]"
                >
                  Printing
                </p>
                <svg
                  aria-hidden="true"
                  class="lucide lucide-arrow-right h-3.5 w-3.5 text-[color:var(--color-tool-card-arrow)] opacity-0 -translate-x-2 transition-all group-hover:opacity-100 group-hover:translate-x-0"
                  fill="none"
                  height="24"
                  stroke="currentColor"
                  stroke-linecap="round"
                  stroke-linejoin="round"
                  stroke-width="2"
                  viewBox="0 0 24 24"
                  width="24"
                  xmlns="http://www.w3.org/2000/svg"
                >
                  <path
                    d="M5 12h14"
                  />
                  <path
                    d="m12 5 7 7-7 7"
                  />
                </svg>
              </div>
              <h3
                class="font-semibold text-[color:var(--color-tool-card-title)] truncate pr-4"
              >
                Resize Calculator
              </h3>
              <p
                class="text-sm text-[color:var(--color-tool-card-description)] line-clamp-1 group-hover:text-[color:var(--color-tool-card-description-hover)]"
              >
                Scale prints, no wasting test strips
              </p>
            </div>
          </div>
        </a>
        <a
          aria-label="Reciprocity"
          class="group relative overflow-hidden rounded-2xl border p-5 transition-all focus:outline-none focus:ring-2 border-[color:var(--color-border-primary)] hover:bg-[color:var(--color-surface-muted)] focus:ring-[color:var(--color-border-primary)] [&:not([data-theme="high-contrast"])]:hover:-translate-y-0.5 [&:not([data-theme="high-contrast"])]:hover:shadow-lg group-hover:border-amber-500/50"
          href="/reciprocity"
          iconcolorkey="amber"
        >
          <div
            class="absolute inset-0 bg-gradient-to-br opacity-0 transition-opacity group-hover:opacity-100 from-amber-500/20 to-orange-500/20"
          />
          <div
            class="relative z-10 flex items-start gap-4"
          >
            <div
              class="p-3 rounded-xl transition-colors bg-[var(--color-tool-card-icon-bg)] ring-1 ring-[color:var(--color-tool-card-icon-ring)] group-hover:bg-[var(--color-tool-card-icon-hover)] text-amber-400"
            >
              <svg
                aria-hidden="true"
                class="lucide lucide-timer h-6 w-6"
                fill="none"
                height="24"
                stroke="currentColor"
                stroke-linecap="round"
                stroke-linejoin="round"
                stroke-width="2"
                viewBox="0 0 24 24"
                width="24"
                xmlns="http://www.w3.org/2000/svg"
              >
                <line
                  x1="10"
                  x2="14"
                  y1="2"
                  y2="2"
                />
                <line
                  x1="12"
                  x2="15"
                  y1="14"
                  y2="11"
                />
                <circle
                  cx="12"
                  cy="14"
                  r="8"
                />
              </svg>
            </div>
            <div
              class="flex-1 min-w-0"
            >
              <div
                class="flex items-center justify-between mb-1"
              >
                <p
                  class="text-[10px] font-bold uppercase tracking-wider text-[color:var(--color-tool-card-category)] group-hover:text-[color:var(--color-tool-card-category-hover)]"
                >
                  In the Field
                </p>
                <svg
                  aria-hidden="true"
                  class="lucide lucide-arrow-right h-3.5 w-3.5 text-[color:var(--color-tool-card-arrow)] opacity-0 -translate-x-2 transition-all group-hover:opacity-100 group-hover:translate-x-0"
                  fill="none"
                  height="24"
                  stroke="currentColor"
                  stroke-linecap="round"
                  stroke-linejoin="round"
                  stroke-width="2"
                  viewBox="0 0 24 24"
                  width="24"
                  xmlns="http://www.w3.org/2000/svg"
                >
                  <path
                    d="M5 12h14"
                  />
                  <path
                    d="m12 5 7 7-7 7"
                  />
                </svg>
              </div>
              <h3
                class="font-semibold text-[color:var(--color-tool-card-title)] truncate pr-4"
              >
                Reciprocity
              </h3>
              <p
                class="text-sm text-[color:var(--color-tool-card-description)] line-clamp-1 group-hover:text-[color:var(--color-tool-card-description-hover)]"
              >
                Long exposure correction
              </p>
            </div>
          </div>
        </a>
        <a
          aria-label="Film Development Recipes"
          class="group relative overflow-hidden rounded-2xl border p-5 transition-all focus:outline-none focus:ring-2 border-[color:var(--color-border-primary)] hover:bg-[color:var(--color-surface-muted)] focus:ring-[color:var(--color-border-primary)] [&:not([data-theme="high-contrast"])]:hover:-translate-y-0.5 [&:not([data-theme="high-contrast"])]:hover:shadow-lg group-hover:border-rose-500/50"
          href="/development"
          iconcolorkey="rose"
        >
          <div
            class="absolute inset-0 bg-gradient-to-br opacity-0 transition-opacity group-hover:opacity-100 from-rose-500/20 to-red-500/20"
          />
          <div
            class="relative z-10 flex items-start gap-4"
          >
            <div
              class="p-3 rounded-xl transition-colors bg-[var(--color-tool-card-icon-bg)] ring-1 ring-[color:var(--color-tool-card-icon-ring)] group-hover:bg-[var(--color-tool-card-icon-hover)] text-rose-400"
            >
              <svg
                aria-hidden="true"
                class="lucide lucide-flask-conical h-6 w-6"
                fill="none"
                height="24"
                stroke="currentColor"
                stroke-linecap="round"
                stroke-linejoin="round"
                stroke-width="2"
                viewBox="0 0 24 24"
                width="24"
                xmlns="http://www.w3.org/2000/svg"
              >
                <path
                  d="M14 2v6a2 2 0 0 0 .245.96l5.51 10.08A2 2 0 0 1 18 22H6a2 2 0 0 1-1.755-2.96l5.51-10.08A2 2 0 0 0 10 8V2"
                />
                <path
                  d="M6.453 15h11.094"
                />
                <path
                  d="M8.5 2h7"
                />
              </svg>
            </div>
            <div
              class="flex-1 min-w-0"
            >
              <div
                class="flex items-center justify-between mb-1"
              >
                <p
                  class="text-[10px] font-bold uppercase tracking-wider text-[color:var(--color-tool-card-category)] group-hover:text-[color:var(--color-tool-card-category-hover)]"
                >
                  Film Dev
                </p>
                <svg
                  aria-hidden="true"
                  class="lucide lucide-arrow-right h-3.5 w-3.5 text-[color:var(--color-tool-card-arrow)] opacity-0 -translate-x-2 transition-all group-hover:opacity-100 group-hover:translate-x-0"
                  fill="none"
                  height="24"
                  stroke="currentColor"
                  stroke-linecap="round"
                  stroke-linejoin="round"
                  stroke-width="2"
                  viewBox="0 0 24 24"
                  width="24"
                  xmlns="http://www.w3.org/2000/svg"
                >
                  <path
                    d="M5 12h14"
                  />
                  <path
                    d="m12 5 7 7-7 7"
                  />
                </svg>
              </div>
              <h3
                class="font-semibold text-[color:var(--color-tool-card-title)] truncate pr-4"
              >
                Film Development Recipes
              </h3>
              <p
                class="text-sm text-[color:var(--color-tool-card-description)] line-clamp-1 group-hover:text-[color:var(--color-tool-card-description-hover)]"
              >
                B&W film development database
              </p>
            </div>
          </div>
        </a>
        <a
          aria-label="Film Database"
          class="group relative overflow-hidden rounded-2xl border p-5 transition-all focus:outline-none focus:ring-2 border-[color:var(--color-border-primary)] hover:bg-[color:var(--color-surface-muted)] focus:ring-[color:var(--color-border-primary)] [&:not([data-theme="high-contrast"])]:hover:-translate-y-0.5 [&:not([data-theme="high-contrast"])]:hover:shadow-lg group-hover:border-cyan-500/50"
          href="/films"
          iconcolorkey="cyan"
        >
          <div
            class="absolute inset-0 bg-gradient-to-br opacity-0 transition-opacity group-hover:opacity-100 from-cyan-500/20 to-teal-500/20"
          />
          <div
            class="relative z-10 flex items-start gap-4"
          >
            <div
              class="p-3 rounded-xl transition-colors bg-[var(--color-tool-card-icon-bg)] ring-1 ring-[color:var(--color-tool-card-icon-ring)] group-hover:bg-[var(--color-tool-card-icon-hover)] text-cyan-400"
            >
              <svg
                aria-hidden="true"
                class="lucide lucide-film h-6 w-6"
                fill="none"
                height="24"
                stroke="currentColor"
                stroke-linecap="round"
                stroke-linejoin="round"
                stroke-width="2"
                viewBox="0 0 24 24"
                width="24"
                xmlns="http://www.w3.org/2000/svg"
              >
                <rect
                  height="18"
                  rx="2"
                  width="18"
                  x="3"
                  y="3"
                />
                <path
                  d="M7 3v18"
                />
                <path
                  d="M3 7.5h4"
                />
                <path
                  d="M3 12h18"
                />
                <path
                  d="M3 16.5h4"
                />
                <path
                  d="M17 3v18"
                />
                <path
                  d="M17 7.5h4"
                />
                <path
                  d="M17 16.5h4"
                />
              </svg>
            </div>
            <div
              class="flex-1 min-w-0"
            >
              <div
                class="flex items-center justify-between mb-1"
              >
                <p
                  class="text-[10px] font-bold uppercase tracking-wider text-[color:var(--color-tool-card-category)] group-hover:text-[color:var(--color-tool-card-category-hover)]"
                >
                  Reference
                </p>
                <svg
                  aria-hidden="true"
                  class="lucide lucide-arrow-right h-3.5 w-3.5 text-[color:var(--color-tool-card-arrow)] opacity-0 -translate-x-2 transition-all group-hover:opacity-100 group-hover:translate-x-0"
                  fill="none"
                  height="24"
                  stroke="currentColor"
                  stroke-linecap="round"
                  stroke-linejoin="round"
                  stroke-width="2"
                  viewBox="0 0 24 24"
                  width="24"
                  xmlns="http://www.w3.org/2000/svg"
                >
                  <path
                    d="M5 12h14"
                  />
                  <path
                    d="m12 5 7 7-7 7"
                  />
                </svg>
              </div>
              <h3
                class="font-semibold text-[color:var(--color-tool-card-title)] truncate pr-4"
              >
                Film Database
              </h3>
              <p
                class="text-sm text-[color:var(--color-tool-card-description)] line-clamp-1 group-hover:text-[color:var(--color-tool-card-description-hover)]"
              >
                Browse film stocks by brand & ISO
              </p>
            </div>
          </div>
        </a>
      </div>
    </div>
    <div>
      <div
        class="flex items-center justify-between mb-6"
        data-coming-soon-section="true"
      >
        <h2
          class="text-xl font-bold text-[color:var(--color-text-primary)] flex items-center gap-2"
        >
          <svg
            aria-hidden="true"
            class="lucide lucide-construction w-5 h-5 text-[color:var(--color-text-tertiary)]"
            data-coming-soon="true"
            fill="none"
            height="24"
            stroke="currentColor"
            stroke-linecap="round"
            stroke-linejoin="round"
            stroke-width="2"
            viewBox="0 0 24 24"
            width="24"
            xmlns="http://www.w3.org/2000/svg"
          >
            <rect
              height="8"
              rx="1"
              width="20"
              x="2"
              y="6"
            />
            <path
              d="M17 14v7"
            />
            <path
              d="M7 14v7"
            />
            <path
              d="M17 3v3"
            />
            <path
              d="M7 3v3"
            />
            <path
              d="M10 14 2.3 6.3"
            />
            <path
              d="m14 6 7.7 7.7"
            />
            <path
              d="m8 6 8 8"
            />
          </svg>
          Coming Soon
        </h2>
        <div
          class="h-px flex-1 ml-4"
        />
      </div>
      <div
        class="grid grid-cols-1 sm:grid-cols-2 lg:grid-cols-3 gap-4"
        data-coming-soon-section="true"
      >
        <div
          class="relative overflow-hidden rounded-2xl border border-dashed p-5"
        >
          <div
            class="flex items-start gap-4"
          >
            <div
              class="p-3 rounded-xl border"
            >
              <svg
                aria-hidden="true"
                class="lucide lucide-book-open h-6 w-6"
                data-coming-soon="true"
                fill="none"
                height="24"
                stroke="currentColor"
                stroke-linecap="round"
                stroke-linejoin="round"
                stroke-width="2"
                viewBox="0 0 24 24"
                width="24"
                xmlns="http://www.w3.org/2000/svg"
              >
                <path
                  d="M12 7v14"
                />
                <path
                  d="M3 18a1 1 0 0 1-1-1V4a1 1 0 0 1 1-1h5a4 4 0 0 1 4 4 4 4 0 0 1 4-4h5a1 1 0 0 1 1 1v13a1 1 0 0 1-1 1h-6a3 3 0 0 0-3 3 3 3 0 0 0-3-3z"
                />
              </svg>
            </div>
            <div
              class="flex-1 min-w-0"
            >
              <p
                class="text-[10px] font-bold uppercase tracking-wider text-[color:var(--color-text-tertiary)] mb-1"
              >
                Resources
              </p>
              <h3
                class="font-semibold text-[color:var(--color-text-secondary)] truncate pr-4"
              >
                Docs
              </h3>
              <p
                class="text-sm text-[color:var(--color-text-tertiary)] line-clamp-1"
              >
                Documentation for Dorkroom
              </p>
            </div>
          </div>
        </div>
        <div
          class="relative overflow-hidden rounded-2xl border border-dashed p-5"
        >
          <div
            class="flex items-start gap-4"
          >
            <div
              class="p-3 rounded-xl border"
            >
              <svg
                aria-hidden="true"
                class="lucide lucide-graduation-cap h-6 w-6"
                data-coming-soon="true"
                fill="none"
                height="24"
                stroke="currentColor"
                stroke-linecap="round"
                stroke-linejoin="round"
                stroke-width="2"
                viewBox="0 0 24 24"
                width="24"
                xmlns="http://www.w3.org/2000/svg"
              >
                <path
                  d="M21.42 10.922a1 1 0 0 0-.019-1.838L12.83 5.18a2 2 0 0 0-1.66 0L2.6 9.08a1 1 0 0 0 0 1.832l8.57 3.908a2 2 0 0 0 1.66 0z"
                />
                <path
                  d="M22 10v6"
                />
                <path
                  d="M6 12.5V16a6 3 0 0 0 12 0v-3.5"
                />
              </svg>
            </div>
            <div
              class="flex-1 min-w-0"
            >
              <p
                class="text-[10px] font-bold uppercase tracking-wider text-[color:var(--color-text-tertiary)] mb-1"
              >
                Knowledge
              </p>
              <h3
                class="font-semibold text-[color:var(--color-text-secondary)] truncate pr-4"
              >
                Infobase
              </h3>
              <p
                class="text-sm text-[color:var(--color-text-tertiary)] line-clamp-1"
              >
                Photography & darkroom guides
              </p>
            </div>
          </div>
        </div>
        <div
          class="relative overflow-hidden rounded-2xl border border-dashed p-5"
        >
          <div
            class="flex items-start gap-4"
          >
            <div
              class="p-3 rounded-xl border"
            >
              <svg
                aria-hidden="true"
                class="lucide lucide-camera h-6 w-6"
                data-coming-soon="true"
                fill="none"
                height="24"
                stroke="currentColor"
                stroke-linecap="round"
                stroke-linejoin="round"
                stroke-width="2"
                viewBox="0 0 24 24"
                width="24"
                xmlns="http://www.w3.org/2000/svg"
              >
                <path
                  d="M13.997 4a2 2 0 0 1 1.76 1.05l.486.9A2 2 0 0 0 18.003 7H20a2 2 0 0 1 2 2v9a2 2 0 0 1-2 2H4a2 2 0 0 1-2-2V9a2 2 0 0 1 2-2h1.997a2 2 0 0 0 1.759-1.048l.489-.904A2 2 0 0 1 10.004 4z"
                />
                <circle
                  cx="12"
                  cy="13"
                  r="3"
                />
              </svg>
            </div>
            <div
              class="flex-1 min-w-0"
            >
              <p
                class="text-[10px] font-bold uppercase tracking-wider text-[color:var(--color-text-tertiary)] mb-1"
              >
                Tools
              </p>
              <h3
                class="font-semibold text-[color:var(--color-text-secondary)] truncate pr-4"
              >
                Camera Exposure
              </h3>
              <p
                class="text-sm text-[color:var(--color-text-tertiary)] line-clamp-1"
              >
                Equivalent exposure calculator
              </p>
            </div>
          </div>
        </div>
      </div>
    </div>
    <div
      class="border-t pt-8 flex flex-col sm:flex-row items-center justify-between gap-4 text-md"
    >
      <p>
        © 
        2025
         Dorkroom.
         
        <a
          class="underline transition-colors footer-link"
          href="https://github.com/narrowstacks/dorkroom/blob/main/LICENSE"
          rel="noreferrer"
          target="_blank"
        >
          Open Source via the AGPLv3 license.
        </a>
         
      </p>
      <div
        class="flex items-center gap-6"
      >
        <a
          class="flex items-center gap-2 transition-colors footer-link"
          href="https://github.com/narrowstacks/dorkroom"
          rel="noreferrer"
          target="_blank"
        >
          <svg
            aria-hidden="true"
            class="lucide lucide-git-branch h-4 w-4"
            fill="none"
            height="24"
            stroke="currentColor"
            stroke-linecap="round"
            stroke-linejoin="round"
            stroke-width="2"
            viewBox="0 0 24 24"
            width="24"
            xmlns="http://www.w3.org/2000/svg"
          >
            <line
              x1="6"
              x2="6"
              y1="3"
              y2="15"
            />
            <circle
              cx="18"
              cy="6"
              r="3"
            />
            <circle
              cx="6"
              cy="18"
              r="3"
            />
            <path
              d="M18 9a9 9 0 0 1-9 9"
            />
          </svg>
          <span>
            Contribute
          </span>
        </a>
        <a
          class="flex items-center gap-2 transition-colors footer-link"
          href="https://ko-fi.com/affords"
          rel="noreferrer"
          target="_blank"
        >
          <svg
            aria-hidden="true"
            class="lucide lucide-hand-coins h-4 w-4"
            fill="none"
            height="24"
            stroke="currentColor"
            stroke-linecap="round"
            stroke-linejoin="round"
            stroke-width="2"
            viewBox="0 0 24 24"
            width="24"
            xmlns="http://www.w3.org/2000/svg"
          >
            <path
              d="M11 15h2a2 2 0 1 0 0-4h-3c-.6 0-1.1.2-1.4.6L3 17"
            />
            <path
              d="m7 21 1.6-1.4c.3-.4.8-.6 1.4-.6h4c1.1 0 2.1-.4 2.8-1.2l4.6-4.4a2 2 0 0 0-2.75-2.91l-4.2 3.9"
            />
            <path
              d="m2 16 6 6"
            />
            <circle
              cx="16"
              cy="9"
              r="2.9"
            />
            <circle
              cx="6"
              cy="5"
              r="3"
            />
          </svg>
          <span>
            Donate
          </span>
        </a>
      </div>
    </div>
  </div>
</div>
`;
